This is pdfTeX, Version 3.141592653-2.6-1.40.29 (TeX Live 2026) (preloaded format=pdflatex 2026.5.22)  14 JUN 2026 20:13
entering extended mode
 restricted \write18 enabled.
 %&-line parsing enabled.
**medial_axis_riemannian_3.tex
(./medial_axis_riemannian_3.tex
LaTeX2e <2025-11-01>
L3 programming layer <2026-01-19>
(/usr/local/texlive/2026/texmf-dist/tex/latex/base/article.cls
Document Class: article 2025/01/22 v1.4n Standard LaTeX document class
(/usr/local/texlive/2026/texmf-dist/tex/latex/base/size11.clo
File: size11.clo 2025/01/22 v1.4n Standard LaTeX file (size option)
)
\c@part=\count275
\c@section=\count276
\c@subsection=\count277
\c@subsubsection=\count278
\c@paragraph=\count279
\c@subparagraph=\count280
\c@figure=\count281
\c@table=\count282
\abovecaptionskip=\skip49
\belowcaptionskip=\skip50
\bibindent=\dimen148
)
(/usr/local/texlive/2026/texmf-dist/tex/latex/base/fontenc.sty
Package: fontenc 2025/07/18 v2.1d Standard LaTeX package
)
(/usr/local/texlive/2026/texmf-dist/tex/latex/geometry/geometry.sty
Package: geometry 2026/03/07 v6.0 Page Geometry

(/usr/local/texlive/2026/texmf-dist/tex/latex/graphics/keyval.sty
Package: keyval 2022/05/29 v1.15 key=value parser (DPC)
\KV@toks@=\toks17
)
(/usr/local/texlive/2026/texmf-dist/tex/generic/iftex/ifvtex.sty
Package: ifvtex 2019/10/25 v1.7 ifvtex legacy package. Use iftex instead.

(/usr/local/texlive/2026/texmf-dist/tex/generic/iftex/iftex.sty
Package: iftex 2024/12/12 v1.0g TeX engine tests
))
\Gm@cnth=\count283
\Gm@cntv=\count284
\c@Gm@tempcnt=\count285
\Gm@bindingoffset=\dimen149
\Gm@wd@mp=\dimen150
\Gm@odd@mp=\dimen151
\Gm@even@mp=\dimen152
\Gm@layoutwidth=\dimen153
\Gm@layoutheight=\dimen154
\Gm@layouthoffset=\dimen155
\Gm@layoutvoffset=\dimen156
\Gm@dimlist=\toks18
)
(/usr/local/texlive/2026/texmf-dist/tex/latex/amsmath/amsmath.sty
Package: amsmath 2025/07/09 v2.17z AMS math features
\@mathmargin=\skip51

For additional information on amsmath, use the `?' option.
(/usr/local/texlive/2026/texmf-dist/tex/latex/amsmath/amstext.sty
Package: amstext 2024/11/17 v2.01 AMS text

(/usr/local/texlive/2026/texmf-dist/tex/latex/amsmath/amsgen.sty
File: amsgen.sty 1999/11/30 v2.0 generic functions
\@emptytoks=\toks19
\ex@=\dimen157
))
(/usr/local/texlive/2026/texmf-dist/tex/latex/amsmath/amsbsy.sty
Package: amsbsy 1999/11/29 v1.2d Bold Symbols
\pmbraise@=\dimen158
)
(/usr/local/texlive/2026/texmf-dist/tex/latex/amsmath/amsopn.sty
Package: amsopn 2022/04/08 v2.04 operator names
)
\inf@bad=\count286
LaTeX Info: Redefining \frac on input line 233.
\uproot@=\count287
\leftroot@=\count288
LaTeX Info: Redefining \overline on input line 398.
LaTeX Info: Redefining \colon on input line 409.
\classnum@=\count289
\DOTSCASE@=\count290
LaTeX Info: Redefining \ldots on input line 495.
LaTeX Info: Redefining \dots on input line 498.
LaTeX Info: Redefining \cdots on input line 619.
\Mathstrutbox@=\box53
\strutbox@=\box54
LaTeX Info: Redefining \big on input line 721.
LaTeX Info: Redefining \Big on input line 722.
LaTeX Info: Redefining \bigg on input line 723.
LaTeX Info: Redefining \Bigg on input line 724.
\big@size=\dimen159
LaTeX Font Info:    Redeclaring font encoding OML on input line 742.
LaTeX Font Info:    Redeclaring font encoding OMS on input line 743.
\macc@depth=\count291
LaTeX Info: Redefining \bmod on input line 904.
LaTeX Info: Redefining \pmod on input line 909.
LaTeX Info: Redefining \smash on input line 939.
LaTeX Info: Redefining \relbar on input line 969.
LaTeX Info: Redefining \Relbar on input line 970.
\c@MaxMatrixCols=\count292
\dotsspace@=\muskip17
\c@parentequation=\count293
\dspbrk@lvl=\count294
\tag@help=\toks20
\row@=\count295
\column@=\count296
\maxfields@=\count297
\andhelp@=\toks21
\eqnshift@=\dimen160
\alignsep@=\dimen161
\tagshift@=\dimen162
\tagwidth@=\dimen163
\totwidth@=\dimen164
\lineht@=\dimen165
\@envbody=\toks22
\multlinegap=\skip52
\multlinetaggap=\skip53
\mathdisplay@stack=\toks23
LaTeX Info: Redefining \[ on input line 2950.
LaTeX Info: Redefining \] on input line 2951.
)
(/usr/local/texlive/2026/texmf-dist/tex/latex/amsfonts/amssymb.sty
Package: amssymb 2013/01/14 v3.01 AMS font symbols

(/usr/local/texlive/2026/texmf-dist/tex/latex/amsfonts/amsfonts.sty
Package: amsfonts 2013/01/14 v3.01 Basic AMSFonts support
\symAMSa=\mathgroup4
\symAMSb=\mathgroup5
LaTeX Font Info:    Redeclaring math symbol \hbar on input line 98.
LaTeX Font Info:    Overwriting math alphabet `\mathfrak' in version `bold'
(Font)                  U/euf/m/n --> U/euf/b/n on input line 106.
))
(/usr/local/texlive/2026/texmf-dist/tex/latex/amscls/amsthm.sty
Package: amsthm 2020/05/29 v2.20.6
\thm@style=\toks24
\thm@bodyfont=\toks25
\thm@headfont=\toks26
\thm@notefont=\toks27
\thm@headpunct=\toks28
\thm@preskip=\skip54
\thm@postskip=\skip55
\thm@headsep=\skip56
\dth@everypar=\toks29
)
(/usr/local/texlive/2026/texmf-dist/tex/latex/enumitem/enumitem.sty
Package: enumitem 2025/02/06 v3.11 Customized lists
\labelindent=\skip57
\enit@outerparindent=\dimen166
\enit@toks=\toks30
\enit@inbox=\box55
\enit@count@id=\count298
\enitdp@description=\count299
)
(/usr/local/texlive/2026/texmf-dist/tex/latex/booktabs/booktabs.sty
Package: booktabs 2020/01/12 v1.61803398 Publication quality tables
\heavyrulewidth=\dimen167
\lightrulewidth=\dimen168
\cmidrulewidth=\dimen169
\belowrulesep=\dimen170
\belowbottomsep=\dimen171
\aboverulesep=\dimen172
\abovetopsep=\dimen173
\cmidrulesep=\dimen174
\cmidrulekern=\dimen175
\defaultaddspace=\dimen176
\@cmidla=\count300
\@cmidlb=\count301
\@aboverulesep=\dimen177
\@belowrulesep=\dimen178
\@thisruleclass=\count302
\@lastruleclass=\count303
\@thisrulewidth=\dimen179
)
(/usr/local/texlive/2026/texmf-dist/tex/latex/hyperref/hyperref.sty
Package: hyperref 2026-01-29 v7.01p Hypertext links for LaTeX

(/usr/local/texlive/2026/texmf-dist/tex/latex/kvsetkeys/kvsetkeys.sty
Package: kvsetkeys 2022-10-05 v1.19 Key value parser (HO)
)
(/usr/local/texlive/2026/texmf-dist/tex/generic/kvdefinekeys/kvdefinekeys.sty
Package: kvdefinekeys 2019-12-19 v1.6 Define keys (HO)
)
(/usr/local/texlive/2026/texmf-dist/tex/generic/pdfescape/pdfescape.sty
Package: pdfescape 2019/12/09 v1.15 Implements pdfTeX's escape features (HO)

(/usr/local/texlive/2026/texmf-dist/tex/generic/ltxcmds/ltxcmds.sty
Package: ltxcmds 2023-12-04 v1.26 LaTeX kernel commands for general use (HO)
)
(/usr/local/texlive/2026/texmf-dist/tex/generic/pdftexcmds/pdftexcmds.sty
Package: pdftexcmds 2020-06-27 v0.33 Utility functions of pdfTeX for LuaTeX (HO
)

(/usr/local/texlive/2026/texmf-dist/tex/generic/infwarerr/infwarerr.sty
Package: infwarerr 2019/12/03 v1.5 Providing info/warning/error messages (HO)
)
Package pdftexcmds Info: \pdf@primitive is available.
Package pdftexcmds Info: \pdf@ifprimitive is available.
Package pdftexcmds Info: \pdfdraftmode found.
))
(/usr/local/texlive/2026/texmf-dist/tex/latex/hycolor/hycolor.sty
Package: hycolor 2020-01-27 v1.10 Color options for hyperref/bookmark (HO)
)
(/usr/local/texlive/2026/texmf-dist/tex/latex/hyperref/nameref.sty
Package: nameref 2026-01-29 v2.58 Cross-referencing by name of section

(/usr/local/texlive/2026/texmf-dist/tex/latex/refcount/refcount.sty
Package: refcount 2019/12/15 v3.6 Data extraction from label references (HO)
)
(/usr/local/texlive/2026/texmf-dist/tex/generic/gettitlestring/gettitlestring.s
ty
Package: gettitlestring 2019/12/15 v1.6 Cleanup title references (HO)
 (/usr/local/texlive/2026/texmf-dist/tex/latex/kvoptions/kvoptions.sty
Package: kvoptions 2022-06-15 v3.15 Key value format for package options (HO)
))
\c@section@level=\count304
)
(/usr/local/texlive/2026/texmf-dist/tex/latex/etoolbox/etoolbox.sty
Package: etoolbox 2025/10/02 v2.5m e-TeX tools for LaTeX (JAW)
\etb@tempcnta=\count305
)
(/usr/local/texlive/2026/texmf-dist/tex/generic/stringenc/stringenc.sty
Package: stringenc 2019/11/29 v1.12 Convert strings between diff. encodings (HO
)
)
\@linkdim=\dimen180
\Hy@linkcounter=\count306
\Hy@pagecounter=\count307

(/usr/local/texlive/2026/texmf-dist/tex/latex/hyperref/pd1enc.def
File: pd1enc.def 2026-01-29 v7.01p Hyperref: PDFDocEncoding definition (HO)
Now handling font encoding PD1 ...
... no UTF-8 mapping file for font encoding PD1
)
(/usr/local/texlive/2026/texmf-dist/tex/generic/intcalc/intcalc.sty
Package: intcalc 2019/12/15 v1.3 Expandable calculations with integers (HO)
)
\Hy@SavedSpaceFactor=\count308

(/usr/local/texlive/2026/texmf-dist/tex/latex/hyperref/puenc.def
File: puenc.def 2026-01-29 v7.01p Hyperref: PDF Unicode definition (HO)
Now handling font encoding PU ...
... no UTF-8 mapping file for font encoding PU
)
Package hyperref Info: Option `colorlinks' set `true' on input line 4072.
Package hyperref Info: Hyper figures OFF on input line 4201.
Package hyperref Info: Link nesting OFF on input line 4206.
Package hyperref Info: Hyper index ON on input line 4209.
Package hyperref Info: Plain pages OFF on input line 4216.
Package hyperref Info: Backreferencing OFF on input line 4221.
Package hyperref Info: Implicit mode ON; LaTeX internals redefined.
Package hyperref Info: Bookmarks ON on input line 4468.
\c@Hy@tempcnt=\count309

(/usr/local/texlive/2026/texmf-dist/tex/latex/url/url.sty
\Urlmuskip=\muskip18
Package: url 2013/09/16  ver 3.4  Verb mode for urls, etc.
)
LaTeX Info: Redefining \url on input line 4807.
\XeTeXLinkMargin=\dimen181

(/usr/local/texlive/2026/texmf-dist/tex/generic/bitset/bitset.sty
Package: bitset 2019/12/09 v1.3 Handle bit-vector datatype (HO)

(/usr/local/texlive/2026/texmf-dist/tex/generic/bigintcalc/bigintcalc.sty
Package: bigintcalc 2019/12/15 v1.5 Expandable calculations on big integers (HO
)
))
\Fld@menulength=\count310
\Field@Width=\dimen182
\Fld@charsize=\dimen183
Package hyperref Info: Hyper figures OFF on input line 6084.
Package hyperref Info: Link nesting OFF on input line 6089.
Package hyperref Info: Hyper index ON on input line 6092.
Package hyperref Info: backreferencing OFF on input line 6099.
Package hyperref Info: Link coloring ON on input line 6102.
Package hyperref Info: Link coloring with OCG OFF on input line 6109.
Package hyperref Info: PDF/A mode OFF on input line 6114.
\Hy@abspage=\count311
\c@Item=\count312
\c@Hfootnote=\count313
)
Package hyperref Info: Driver (autodetected): hpdftex.

(/usr/local/texlive/2026/texmf-dist/tex/latex/hyperref/hpdftex.def
File: hpdftex.def 2026-01-29 v7.01p Hyperref driver for pdfTeX
\Fld@listcount=\count314
\c@bookmark@seq@number=\count315

(/usr/local/texlive/2026/texmf-dist/tex/latex/rerunfilecheck/rerunfilecheck.sty
Package: rerunfilecheck 2025-06-21 v1.11 Rerun checks for auxiliary files (HO)

(/usr/local/texlive/2026/texmf-dist/tex/generic/uniquecounter/uniquecounter.sty
Package: uniquecounter 2019/12/15 v1.4 Provide unlimited unique counter (HO)
)
Package uniquecounter Info: New unique counter `rerunfilecheck' on input line 2
84.
)
\Hy@SectionHShift=\skip58
)
\c@theorem=\count316

(/usr/local/texlive/2026/texmf-dist/tex/latex/l3backend/l3backend-pdftex.def
File: l3backend-pdftex.def 2025-10-09 L3 backend support: PDF output (pdfTeX)
\l__color_backend_stack_int=\count317
)
No file medial_axis_riemannian_3.aux.
\openout1 = `medial_axis_riemannian_3.aux'.

LaTeX Font Info:    Checking defaults for OML/cmm/m/it on input line 49.
LaTeX Font Info:    ... okay on input line 49.
LaTeX Font Info:    Checking defaults for OMS/cmsy/m/n on input line 49.
LaTeX Font Info:    ... okay on input line 49.
LaTeX Font Info:    Checking defaults for OT1/cmr/m/n on input line 49.
LaTeX Font Info:    ... okay on input line 49.
LaTeX Font Info:    Checking defaults for T1/cmr/m/n on input line 49.
LaTeX Font Info:    ... okay on input line 49.
LaTeX Font Info:    Checking defaults for TS1/cmr/m/n on input line 49.
LaTeX Font Info:    ... okay on input line 49.
LaTeX Font Info:    Checking defaults for OMX/cmex/m/n on input line 49.
LaTeX Font Info:    ... okay on input line 49.
LaTeX Font Info:    Checking defaults for U/cmr/m/n on input line 49.
LaTeX Font Info:    ... okay on input line 49.
LaTeX Font Info:    Checking defaults for PD1/pdf/m/n on input line 49.
LaTeX Font Info:    ... okay on input line 49.
LaTeX Font Info:    Checking defaults for PU/pdf/m/n on input line 49.
LaTeX Font Info:    ... okay on input line 49.
*geometry* driver: auto-detecting
*geometry* detected driver: pdftex
*geometry* verbose mode - [ preamble ] result:
* driver: pdftex
* paper: <default>
* layout: <same size as paper>
* layoutoffset:(h,v)=(0.0pt,0.0pt)
* modes: 
* h-part:(L,W,R)=(79.49744pt, 455.30013pt, 79.49744pt)
* v-part:(T,H,B)=(79.49744pt, 635.97511pt, 79.49744pt)
* \paperwidth=614.295pt
* \paperheight=794.96999pt
* \textwidth=455.30013pt
* \textheight=635.97511pt
* \oddsidemargin=7.22745pt
* \evensidemargin=7.22745pt
* \topmargin=-29.77255pt
* \headheight=12.0pt
* \headsep=25.0pt
* \topskip=11.0pt
* \footskip=30.0pt
* \marginparwidth=59.0pt
* \marginparsep=10.0pt
* \columnsep=10.0pt
* \skip\footins=10.0pt plus 4.0pt minus 2.0pt
* \hoffset=0.0pt
* \voffset=0.0pt
* \mag=1000
* \@twocolumnfalse
* \@twosidefalse
* \@mparswitchfalse
* \@reversemarginfalse
* (1in=72.27pt=25.4mm, 1cm=28.453pt)

(/usr/local/texlive/2026/texmf-dist/tex/latex/graphics/color.sty
Package: color 2025/01/14 v1.3e Standard LaTeX Color (DPC)

(/usr/local/texlive/2026/texmf-dist/tex/latex/graphics-cfg/color.cfg
File: color.cfg 2016/01/02 v1.6 sample color configuration
)
Package color Info: Driver file: pdftex.def on input line 149.

(/usr/local/texlive/2026/texmf-dist/tex/latex/graphics-def/pdftex.def
File: pdftex.def 2025/09/29 v1.2d Graphics/color driver for pdftex

(/usr/local/texlive/2026/texmf-dist/tex/context/base/mkii/supp-pdf.mkii
[Loading MPS to PDF converter (version 2006.09.02).]
\scratchcounter=\count318
\scratchdimen=\dimen184
\scratchbox=\box56
\nofMPsegments=\count319
\nofMParguments=\count320
\everyMPshowfont=\toks31
\MPscratchCnt=\count321
\MPscratchDim=\dimen185
\MPnumerator=\count322
\makeMPintoPDFobject=\count323
\everyMPtoPDFconversion=\toks32
)) (/usr/local/texlive/2026/texmf-dist/tex/latex/graphics/mathcolor.ltx))
Package hyperref Info: Link coloring ON on input line 49.
\@outlinefile=\write3
\openout3 = `medial_axis_riemannian_3.out'.

LaTeX Font Info:    Trying to load font information for U+msa on input line 51.


(/usr/local/texlive/2026/texmf-dist/tex/latex/amsfonts/umsa.fd
File: umsa.fd 2013/01/14 v3.01 AMS symbols A
)
LaTeX Font Info:    Trying to load font information for U+msb on input line 51.


(/usr/local/texlive/2026/texmf-dist/tex/latex/amsfonts/umsb.fd
File: umsb.fd 2013/01/14 v3.01 AMS symbols B
)

LaTeX Warning: Citation `R1' on page 1 undefined on input line 51.


LaTeX Warning: Citation `Bia' on page 1 undefined on input line 51.


LaTeX Warning: Citation `R2' on page 1 undefined on input line 51.


LaTeX Warning: Citation `Notes' on page 1 undefined on input line 51.


Overfull \hbox (36.94986pt too wide) in paragraph at lines 53--59
[]\T1/cmr/m/n/10 For a closed set $\OML/cmm/m/it/10 X$ \T1/cmr/m/n/10 in a com-
plete Rie-man-nian man-i-fold, the \T1/cmr/m/it/10 re-con-struc-tion $\OMS/cmsy
/m/n/10 R[] \OT1/cmr/m/n/10 = [][] \OML/cmm/m/it/10 B\OT1/cmr/m/n/10 (\OML/cmm/
m/it/10 a; r\OT1/cmr/m/n/10 (\OML/cmm/m/it/10 a\OT1/cmr/m/n/10 ))$
 []

No file medial_axis_riemannian_3.toc.
\tf@toc=\write4
\openout4 = `medial_axis_riemannian_3.toc'.


LaTeX Warning: Citation `Bia' on page 1 undefined on input line 99.

[1

{/usr/local/texlive/2026/texmf-var/fonts/map/pdftex/updmap/pdftex.map}{/usr/loc
al/texlive/2026/texmf-dist/fonts/enc/dvips/cm-super/cm-super-t1.enc}{/usr/local
/texlive/2026/texmf-dist/fonts/enc/dvips/cm-super/cm-super-ts1.enc}]

LaTeX Warning: Citation `R2' on page 2 undefined on input line 106.


LaTeX Warning: Reference `eq:hyp-main' on page 2 undefined on input line 120.


LaTeX Warning: Reference `sec:backbone' on page 2 undefined on input line 151.


LaTeX Warning: Reference `def:hconv' on page 2 undefined on input line 158.


LaTeX Warning: Reference `thm:faithful' on page 2 undefined on input line 164.


LaTeX Warning: Reference `thm:faithful-nc' on page 2 undefined on input line 16
4.


LaTeX Warning: Reference `sec:hconv' on page 2 undefined on input line 180.


LaTeX Warning: Reference `lem:swallow' on page 2 undefined on input line 182.


LaTeX Warning: Reference `thm:fullgen' on page 2 undefined on input line 185.

[2]

LaTeX Warning: Reference `sec:warp' on page 3 undefined on input line 199.


LaTeX Warning: Reference `sec:dict' on page 3 undefined on input line 201.


LaTeX Warning: Reference `sec:recon' on page 3 undefined on input line 203.


LaTeX Warning: Reference `rem:asym' on page 3 undefined on input line 206.


LaTeX Warning: Reference `sec:curved' on page 3 undefined on input line 209.


LaTeX Warning: Reference `sec:ch2' on page 3 undefined on input line 211.


LaTeX Warning: Reference `sec:frontier' on page 3 undefined on input line 213.


LaTeX Warning: Citation `R1' on page 3 undefined on input line 226.


LaTeX Warning: Citation `R2' on page 3 undefined on input line 226.


LaTeX Warning: Citation `R1' on page 3 undefined on input line 231.


LaTeX Warning: Citation `BH' on page 3 undefined on input line 239.

[3]

LaTeX Warning: Citation `R1' on page 4 undefined on input line 245.


LaTeX Warning: Citation `R2' on page 4 undefined on input line 245.


LaTeX Warning: Citation `BH' on page 4 undefined on input line 271.


LaTeX Warning: Reference `lem:swallow' on page 4 undefined on input line 304.


LaTeX Warning: Reference `thm:engine' on page 4 undefined on input line 324.


LaTeX Warning: Reference `thm:engine' on page 4 undefined on input line 327.


LaTeX Warning: Reference `thm:engine' on page 4 undefined on input line 329.


LaTeX Warning: Citation `R1' on page 4 undefined on input line 332.

[4]

LaTeX Warning: Reference `lem:swallow' on page 5 undefined on input line 336.


LaTeX Warning: Citation `HIH' on page 5 undefined on input line 338.


LaTeX Warning: Reference `thm:fullgen' on page 5 undefined on input line 346.


Overfull \hbox (13.89209pt too wide) in paragraph at lines 396--404
[]\T1/cmr/m/n/10.95 The Buse-mann gra-di-ent along $\OML/cmm/m/it/10.95 ^^M$ \T
1/cmr/m/n/10.95 is the in-ward ra-dial field, $\OMS/cmsy/m/n/10.95 r\OML/cmm/m/
it/10.95 b[]\OT1/cmr/m/n/10.95 (\OML/cmm/m/it/10.95 ^^M\OT1/cmr/m/n/10.95 (\OML
/cmm/m/it/10.95 t\OT1/cmr/m/n/10.95 )) = \OMS/cmsy/m/n/10.95 ^^@[]\OT1/cmr/m/n/
10.95 (\OML/cmm/m/it/10.95 t\OT1/cmr/m/n/10.95 )$\T1/cmr/m/n/10.95 , so $[]\OML
/cmm/m/it/10.95 b[]\OT1/cmr/m/n/10.95 (\OML/cmm/m/it/10.95 ^^M\OT1/cmr/m/n/10.9
5 (\OML/cmm/m/it/10.95 t\OT1/cmr/m/n/10.95 )) =
 []

[5]

LaTeX Warning: Reference `def:hconv' on page 6 undefined on input line 436.


LaTeX Warning: Citation `R1' on page 6 undefined on input line 440.


LaTeX Warning: Reference `lem:Lu-axial' on page 6 undefined on input line 447.


LaTeX Warning: Citation `Lie' on page 6 undefined on input line 454.


LaTeX Warning: Reference `thm:engine' on page 6 undefined on input line 466.


LaTeX Warning: Reference `lem:swallow' on page 6 undefined on input line 468.


LaTeX Warning: Citation `R2' on page 6 undefined on input line 477.


LaTeX Warning: Reference `lem:swallow' on page 6 undefined on input line 479.


LaTeX Warning: Reference `thm:faithful' on page 6 undefined on input line 486.

[6]

LaTeX Warning: Reference `thm:faithful' on page 7 undefined on input line 510.


LaTeX Warning: Reference `thm:engine' on page 7 undefined on input line 530.


LaTeX Warning: Reference `thm:faithful' on page 7 undefined on input line 554.


LaTeX Warning: Reference `thm:faithful-nc' on page 7 undefined on input line 55
4.


LaTeX Warning: Reference `thm:motzkin' on page 7 undefined on input line 565.

[7]

LaTeX Warning: Reference `def:defective' on page 8 undefined on input line 582.



LaTeX Warning: Reference `thm:faithful' on page 8 undefined on input line 583.


LaTeX Warning: Citation `HIH' on page 8 undefined on input line 620.

[8]

LaTeX Warning: Citation `One' on page 9 undefined on input line 672.


LaTeX Warning: Reference `lem:distlaw' on page 9 undefined on input line 713.


Overfull \hbox (26.79675pt too wide) in paragraph at lines 711--728
[]\T1/cmr/m/n/10.95 Let $\OML/cmm/m/it/10.95 ^^M\OT1/cmr/m/n/10.95 (\OML/cmm/m/
it/10.95 s\OT1/cmr/m/n/10.95 ) = (\OML/cmm/m/it/10.95 s; \OT1/cmr/m/n/10.95 0)$
 \T1/cmr/m/n/10.95 be the up-ward unit-speed $\OML/cmm/m/it/10.95 t$\T1/cmr/m/n
/10.95 -line. For $\OML/cmm/m/it/10.95 y \OT1/cmr/m/n/10.95 = (\OML/cmm/m/it/10
.95 t[]; x[]\OT1/cmr/m/n/10.95 )$\T1/cmr/m/n/10.95 , $\OML/cmm/m/it/10.95 b[]\O
T1/cmr/m/n/10.95 (\OML/cmm/m/it/10.95 y\OT1/cmr/m/n/10.95 ) = [][](\OML/cmm/m/i
t/10.95 d\OT1/cmr/m/n/10.95 (\OML/cmm/m/it/10.95 y; ^^M\OT1/cmr/m/n/10.95 (\OML
/cmm/m/it/10.95 s\OT1/cmr/m/n/10.95 )) \OMS/cmsy/m/n/10.95 ^^@
 []

[9]

LaTeX Warning: Reference `prop:mf-isom' on page 10 undefined on input line 781.


[10]

LaTeX Warning: Reference `lem:distlaw' on page 11 undefined on input line 832.


LaTeX Warning: Reference `lem:feet' on page 11 undefined on input line 841.


LaTeX Warning: Citation `Mot' on page 11 undefined on input line 846.


LaTeX Warning: Reference `lem:feet' on page 11 undefined on input line 868.


LaTeX Warning: Reference `lem:distlaw' on page 11 undefined on input line 872.


LaTeX Warning: Reference `lem:distlaw' on page 11 undefined on input line 878.


LaTeX Warning: Citation `R2' on page 11 undefined on input line 900.


LaTeX Warning: Reference `thm:mf-suff' on page 11 undefined on input line 904.


LaTeX Warning: Reference `lem:distlaw' on page 11 undefined on input line 906.

[11]

LaTeX Warning: Reference `prop:mf-horo' on page 12 undefined on input line 917.



LaTeX Warning: Reference `thm:mf-suff' on page 12 undefined on input line 922.


LaTeX Warning: Reference `ex:warp' on page 12 undefined on input line 927.


LaTeX Warning: Reference `sec:curved' on page 12 undefined on input line 933.


LaTeX Warning: Reference `sec:frontier' on page 12 undefined on input line 933.



LaTeX Warning: Reference `thm:faithful' on page 12 undefined on input line 945.



LaTeX Warning: Reference `thm:faithful-nc' on page 12 undefined on input line 9
45.


LaTeX Warning: Reference `lem:Lu-axial' on page 12 undefined on input line 949.



LaTeX Warning: Reference `prop:mf-horo' on page 12 undefined on input line 953.



LaTeX Warning: Citation `One' on page 12 undefined on input line 986.


LaTeX Warning: Reference `prop:mf-horo' on page 12 undefined on input line 990.


[12]

LaTeX Warning: Reference `lem:distlaw' on page 13 undefined on input line 1023.



LaTeX Warning: Reference `lem:fN-dict' on page 13 undefined on input line 1029.



LaTeX Warning: Citation `BH' on page 13 undefined on input line 1046.


LaTeX Warning: Reference `lem:fN-dict' on page 13 undefined on input line 1047.



LaTeX Warning: Reference `lem:fN-dict' on page 13 undefined on input line 1051.



LaTeX Warning: Reference `thm:mf-suff' on page 13 undefined on input line 1053.



LaTeX Warning: Reference `lem:fN-dict' on page 13 undefined on input line 1059.



LaTeX Warning: Reference `thm:faithful' on page 13 undefined on input line 1072
.

[13]

LaTeX Warning: Reference `sec:static' on page 14 undefined on input line 1080.

LaTeX Font Info:    Trying to load font information for U+euf on input line 109
6.
(/usr/local/texlive/2026/texmf-dist/tex/latex/amsfonts/ueuf.fd
File: ueuf.fd 2013/01/14 v3.01 Euler Fraktur
) [14]

LaTeX Warning: Reference `prop:ch2' on page 15 undefined on input line 1157.


LaTeX Warning: Reference `prop:ch2' on page 15 undefined on input line 1173.


LaTeX Warning: Reference `thm:ch2' on page 15 undefined on input line 1175.


Package hyperref Warning: Token not allowed in a PDF string (Unicode):
(hyperref)                removing `math shift' on input line 1185.


Package hyperref Warning: Token not allowed in a PDF string (Unicode):
(hyperref)                removing `math shift' on input line 1185.


LaTeX Warning: Reference `prop:gauss' on page 15 undefined on input line 1194.


LaTeX Warning: Citation `HIH' on page 15 undefined on input line 1201.


LaTeX Warning: Citation `One' on page 15 undefined on input line 1201.


LaTeX Warning: Citation `Gol' on page 15 undefined on input line 1201.


LaTeX Warning: Citation `Mil' on page 15 undefined on input line 1208.


LaTeX Warning: Reference `sec:ch2' on page 15 undefined on input line 1209.


LaTeX Warning: Reference `lem:fN-dict' on page 15 undefined on input line 1212.



LaTeX Warning: Reference `prop:gauss' on page 15 undefined on input line 1220.

[15]

LaTeX Warning: Reference `sec:recon' on page 16 undefined on input line 1234.


LaTeX Warning: Reference `sec:curved' on page 16 undefined on input line 1236.


LaTeX Warning: Reference `sec:ch2' on page 16 undefined on input line 1239.


LaTeX Warning: Reference `thm:faithful' on page 16 undefined on input line 1247
.


LaTeX Warning: Reference `thm:faithful-nc' on page 16 undefined on input line 1
248.


LaTeX Warning: Reference `def:defective' on page 16 undefined on input line 125
0.


LaTeX Warning: Reference `thm:fullgen' on page 16 undefined on input line 1271.



LaTeX Warning: Reference `thm:faithful' on page 16 undefined on input line 1276
.


LaTeX Warning: Reference `thm:faithful-nc' on page 16 undefined on input line 1
276.

[16]

LaTeX Warning: Citation `Bia' on page 17 undefined on input line 1310.


Underfull \hbox (badness 10000) in paragraph at lines 1310--1315
[]\T1/cmr/m/it/10.95 Formalization notes on The-o-rem 6 of [[]]\T1/cmr/m/n/10.9
5 , June 2026 (files
 []


Underfull \hbox (badness 1796) in paragraph at lines 1310--1315
\T1/cmtt/m/n/10.95 medial_formalization_notes.tex\T1/cmr/m/n/10.95 , \T1/cmtt/m
/n/10.95 medial_formalization_plan.md\T1/cmr/m/n/10.95 ); Lean 4 for-mal-
 []

[17] (./medial_axis_riemannian_3.aux)
 ***********
LaTeX2e <2025-11-01>
L3 programming layer <2026-01-19>
 ***********


LaTeX Warning: There were undefined references.


LaTeX Warning: Label(s) may have changed. Rerun to get cross-references right.


Package rerunfilecheck Warning: File `medial_axis_riemannian_3.out' has changed
.
(rerunfilecheck)                Rerun to get outlines right
(rerunfilecheck)                or use package `bookmark'.

Package rerunfilecheck Info: Checksums for `medial_axis_riemannian_3.out':
(rerunfilecheck)             Before: <no file>
(rerunfilecheck)             After:  0DBAFAEDF3AB1B28CA6139D4F6461E92;2853.
 ) 
Here is how much of TeX's memory you used:
 10819 strings out of 467525
 161867 string characters out of 5418982
 589690 words of memory out of 5000000
 39507 multiletter control sequences out of 15000+600000
 656434 words of font info for 118 fonts, out of 8000000 for 9000
 1141 hyphenation exceptions out of 8191
 75i,8n,79p,561b,757s stack positions out of 10000i,1000n,20000p,200000b,200000s
</usr/local/texlive/2026/texmf-dist/fonts/type1/public/amsfonts/cm/cmex10.pfb
></usr/local/texlive/2026/texmf-dist/fonts/type1/public/amsfonts/cm/cmmi10.pfb>
</usr/local/texlive/2026/texmf-dist/fonts/type1/public/amsfonts/cm/cmmi12.pfb><
/usr/local/texlive/2026/texmf-dist/fonts/type1/public/amsfonts/cm/cmmi5.pfb></u
sr/local/texlive/2026/texmf-dist/fonts/type1/public/amsfonts/cm/cmmi6.pfb></usr
/local/texlive/2026/texmf-dist/fonts/type1/public/amsfonts/cm/cmmi7.pfb></usr/l
ocal/texlive/2026/texmf-dist/fonts/type1/public/amsfonts/cm/cmmi8.pfb></usr/loc
al/texlive/2026/texmf-dist/fonts/type1/public/amsfonts/cm/cmr10.pfb></usr/local
/texlive/2026/texmf-dist/fonts/type1/public/amsfonts/cm/cmr12.pfb></usr/local/t
exlive/2026/texmf-dist/fonts/type1/public/amsfonts/cm/cmr6.pfb></usr/local/texl
ive/2026/texmf-dist/fonts/type1/public/amsfonts/cm/cmr7.pfb></usr/local/texlive
/2026/texmf-dist/fonts/type1/public/amsfonts/cm/cmr8.pfb></usr/local/texlive/20
26/texmf-dist/fonts/type1/public/amsfonts/cm/cmsy10.pfb></usr/local/texlive/202
6/texmf-dist/fonts/type1/public/amsfonts/cm/cmsy6.pfb></usr/local/texlive/2026/
texmf-dist/fonts/type1/public/amsfonts/cm/cmsy7.pfb></usr/local/texlive/2026/te
xmf-dist/fonts/type1/public/amsfonts/cm/cmsy8.pfb></usr/local/texlive/2026/texm
f-dist/fonts/type1/public/amsfonts/euler/eufm10.pfb></usr/local/texlive/2026/te
xmf-dist/fonts/type1/public/amsfonts/symbols/msbm10.pfb></usr/local/texlive/202
6/texmf-dist/fonts/type1/public/cm-super/sfbx0900.pfb></usr/local/texlive/2026/
texmf-dist/fonts/type1/public/cm-super/sfbx1000.pfb></usr/local/texlive/2026/te
xmf-dist/fonts/type1/public/cm-super/sfbx1095.pfb></usr/local/texlive/2026/texm
f-dist/fonts/type1/public/cm-super/sfbx1200.pfb></usr/local/texlive/2026/texmf-
dist/fonts/type1/public/cm-super/sfbx1440.pfb></usr/local/texlive/2026/texmf-di
st/fonts/type1/public/cm-super/sfcc1095.pfb></usr/local/texlive/2026/texmf-dist
/fonts/type1/public/cm-super/sfrm0600.pfb></usr/local/texlive/2026/texmf-dist/f
onts/type1/public/cm-super/sfrm0900.pfb></usr/local/texlive/2026/texmf-dist/fon
ts/type1/public/cm-super/sfrm1000.pfb></usr/local/texlive/2026/texmf-dist/fonts
/type1/public/cm-super/sfrm1095.pfb></usr/local/texlive/2026/texmf-dist/fonts/t
ype1/public/cm-super/sfrm1200.pfb></usr/local/texlive/2026/texmf-dist/fonts/typ
e1/public/cm-super/sfrm1728.pfb></usr/local/texlive/2026/texmf-dist/fonts/type1
/public/cm-super/sfti1000.pfb></usr/local/texlive/2026/texmf-dist/fonts/type1/p
ublic/cm-super/sfti1095.pfb></usr/local/texlive/2026/texmf-dist/fonts/type1/pub
lic/cm-super/sftt1095.pfb>
Output written on medial_axis_riemannian_3.pdf (17 pages, 564904 bytes).
PDF statistics:
 343 PDF objects out of 1000 (max. 8388607)
 253 compressed objects within 3 object streams
 88 named destinations out of 1000 (max. 500000)
 1 words of extra memory for PDF output out of 10000 (max. 10000000)

